[33mΓ¥»[39m Building...
[32mΓ£ö[39m Building...
[1mInitial chunk files[22m[2m | [22m[1mNames[22m        [2m | [22m [1mRaw size[22m
[32mmain.js[39m            [2m | [22m[2mmain[22m         [2m | [22m  [36m4.45 MB[39m[2m | [22m
[32mchunk-YNHQEOHV.js[39m  [2m | [22m[2m-[22m            [2m | [22m[36m892.47 kB[39m[2m | [22m
[32mstyles.css[39m         [2m | [22m[2mstyles[22m       [2m | [22m[36m379.27 kB[39m[2m | [22m
[32mscripts.js[39m         [2m | [22m[2mscripts[22m      [2m | [22m[36m258.34 kB[39m[2m | [22m
[32mpolyfills.js[39m       [2m | [22m[2mpolyfills[22m    [2m | [22m [36m90.20 kB[39m[2m | [22m
[32mdataTables.css[39m     [2m | [22m[2mdataTables[22m   [2m | [22m [36m29.90 kB[39m[2m | [22m
[32mchunk-TXDUYLVM.js[39m  [2m | [22m[2m-[22m            [2m | [22m  [36m3.19 kB[39m[2m | [22m

[1m [22m                  [2m | [22m[1mInitial total[22m[2m | [22m  [1m6.10 MB[22m

[1mLazy chunk files[22m   [2m | [22m[1mNames[22m        [2m | [22m [1mRaw size[22m
[32mchunk-HDOW5D5R.js[39m  [2m | [22m[2mhtml2canvas[22m  [2m | [22m[36m398.44 kB[39m[2m | [22m
[32mchunk-UPZL7RPB.js[39m  [2m | [22m[2mindex-es[22m     [2m | [22m[36m370.01 kB[39m[2m | [22m
[32mchunk-JG67MXLE.js[39m  [2m | [22m[2mbrowser[22m      [2m | [22m[36m148.18 kB[39m[2m | [22m
[32mchunk-YGAR7WUB.js[39m  [2m | [22m[2mpurify-es[22m    [2m | [22m [36m46.16 kB[39m[2m | [22m

Application bundle generation complete. [7.747 seconds]

Output location: D:\App_Development\store_app\dist\store-app

