- Generating browser application bundles (phase: setup)...
Γ£ö Browser application bundle generation complete.
[32m06 04 2026 21:35:20.209:INFO [karma-server]: [39mKarma v6.4.4 server started at http://localhost:9876/
[32m06 04 2026 21:35:20.211:INFO [launcher]: [39mLaunching browsers Chrome with concurrency unlimited
[32m06 04 2026 21:35:20.214:INFO [launcher]: [39mStarting browser Chrome
[32m06 04 2026 21:35:21.696:INFO [Chrome 146.0.0.0 (Windows 10)]: [39mConnected on socket EMDEFcHAANy36xdeAAAB with id 91809129
Chrome 146.0.0.0 (Windows 10): Executed 0 of 69[32m SUCCESS[39m (0 secs / 0 secs)
[1A[2KDEBUG: [36m'[9:35:24 PM] [DEBUG] [COMPONENT_LIFECYCLE] UserComponent - ngOnInit', undefined[39m
Chrome 146.0.0.0 (Windows 10): Executed 0 of 69[32m SUCCESS[39m (0 secs / 0 secs)
DEBUG: '[9:35:24 PM] [DEBUG] [COMPONENT_LIFECYCLE] UserComponent - ngOnInit', undefined
[1A[2KINFO: [36m'[9:35:24 PM] [INFO] [API_REQUEST] GET https://localhost:7238/api/User/GetAllDetailed', Object{method: 'GET', url: 'https://localhost:7238/api/User/GetAllDetailed', body: Object{}}[39m
Chrome 146.0.0.0 (Windows 10): Executed 0 of 69[32m SUCCESS[39m (0 secs / 0 secs)
INFO: '[9:35:24 PM] [INFO] [API_REQUEST] GET https://localhost:7238/api/User/GetAllDetailed', Object{method: 'GET', url: 'https://localhost:7238/api/User/GetAllDetailed', body: Object{}}
[1A[2KChrome 146.0.0.0 (Windows 10): Executed 1 of 69[32m SUCCESS[39m (0 secs / 0.181 secs)
[1A[2KChrome 146.0.0.0 (Windows 10): Executed 2 of 69[32m SUCCESS[39m (0 secs / 0.255 secs)
[1A[2KERROR: [36m'ERROR', Error: Error retrieving icon :facebook! Unable to find icon with the name ":facebook"
Error: Error retrieving icon :facebook! Unable to find icon with the name ":facebook"
    at Object.error (http://localhost:9876/_karma_webpack_/webpack:/node_modules/@angular/material/fesm2022/icon-module-a8f2a673.mjs:348:48)
    at ConsumerObserver.error (http://localhost:9876/_karma_webpack_/webpack:/node_modules/rxjs/dist/esm/internal/Subscriber.js:102:33)
    at SafeSubscriber._error (http://localhost:9876/_karma_webpack_/webpack:/node_modules/rxjs/dist/esm/internal/Subscriber.js:64:30)
    at SafeSubscriber.error (http://localhost:9876/_karma_webpack_/webpack:/node_modules/rxjs/dist/esm/internal/Subscriber.js:40:18)
    at OperatorSubscriber._error (http://localhost:9876/_karma_webpack_/webpack:/node_modules/rxjs/dist/esm/internal/Subscriber.js:64:30)
    at OperatorSubscriber.error (http://localhost:9876/_karma_webpack_/webpack:/node_modules/rxjs/dist/esm/internal/Subscriber.js:40:18)
    at Observable._subscribe (http://localhost:9876/_karma_webpack_/webpack:/node_modules/rxjs/dist/esm/internal/observable/throwError.js:5:45)
    at Observable._trySubscribe (http://localhost:9876/_karma_webpack_/webpack:/node_modules/rxjs/dist/esm/internal/Observable.js:37:25)
    at cb (http://localhost:9876/_karma_webpack_/webpack:/node_modules/rxjs/dist/esm/internal/Observable.js:31:30)
    at errorContext (http://localhost:9876/_karma_webpack_/webpack:/node_modules/rxjs/dist/esm/internal/util/errorContext.js:19:9)[39m
Chrome 146.0.0.0 (Windows 10): Executed 2 of 69[32m SUCCESS[39m (0 secs / 0.255 secs)
ERROR: 'ERROR', Error: Error retrieving icon :facebook! Unable to find icon with the name ":facebook"
Error: Error retrieving icon :facebook! Unable to find icon with the name ":facebook"
    at Object.error (http://localhost:9876/_karma_webpack_/webpack:/node_modules/@angular/material/fesm2022/icon-module-a8f2a673.mjs:348:48)
    at ConsumerObserver.error (http://localhost:9876/_karma_webpack_/webpack:/node_modules/rxjs/dist/esm/internal/Subscriber.js:102:33)
    at SafeSubscriber._error (http://localhost:9876/_karma_webpack_/webpack:/node_modules/rxjs/dist/esm/internal/Subscriber.js:64:30)
    at SafeSubscriber.error (http://localhost:9876/_karma_webpack_/webpack:/node_modules/rxjs/dist/esm/internal/Subscriber.js:40:18)
    at OperatorSubscriber._error (http://localhost:9876/_karma_webpack_/webpack:/node_modules/rxjs/dist/esm/internal/Subscriber.js:64:30)
    at OperatorSubscriber.error (http://localhost:9876/_karma_webpack_/webpack:/node_modules/rxjs/dist/esm/internal/Subscriber.js:40:18)
    at Observable._subscribe (http://localhost:9876/_karma_webpack_/webpack:/node_modules/rxjs/dist/esm/internal/observable/throwError.js:5:45)
    at Observable._trySubscribe (http://localhost:9876/_karma_webpack_/webpack:/node_modules/rxjs/dist/esm/internal/Observable.js:37:25)
    at cb (http://localhost:9876/_karma_webpack_/webpack:/node_modules/rxjs/dist/esm/internal/Observable.js:31:30)
    at errorContext (http://localhost:9876/_karma_webpack_/webpack:/node_modules/rxjs/dist/esm/internal/util/errorContext.js:19:9)
[1A[2KERROR: [36m'ERROR', Error: Error retrieving icon :instagram! Unable to find icon with the name ":instagram"
Error: Error retrieving icon :instagram! Unable to find icon with the name ":instagram"
    at Object.error (http://localhost:9876/_karma_webpack_/webpack:/node_modules/@angular/material/fesm2022/icon-module-a8f2a673.mjs:348:48)
    at ConsumerObserver.error (http://localhost:9876/_karma_webpack_/webpack:/node_modules/rxjs/dist/esm/internal/Subscriber.js:102:33)
    at SafeSubscriber._error (http://localhost:9876/_karma_webpack_/webpack:/node_modules/rxjs/dist/esm/internal/Subscriber.js:64:30)
    at SafeSubscriber.error (http://localhost:9876/_karma_webpack_/webpack:/node_modules/rxjs/dist/esm/internal/Subscriber.js:40:18)
    at OperatorSubscriber._error (http://localhost:9876/_karma_webpack_/webpack:/node_modules/rxjs/dist/esm/internal/Subscriber.js:64:30)
    at OperatorSubscriber.error (http://localhost:9876/_karma_webpack_/webpack:/node_modules/rxjs/dist/esm/internal/Subscriber.js:40:18)
    at Observable._subscribe (http://localhost:9876/_karma_webpack_/webpack:/node_modules/rxjs/dist/esm/internal/observable/throwError.js:5:45)
    at Observable._trySubscribe (http://localhost:9876/_karma_webpack_/webpack:/node_modules/rxjs/dist/esm/internal/Observable.js:37:25)
    at cb (http://localhost:9876/_karma_webpack_/webpack:/node_modules/rxjs/dist/esm/internal/Observable.js:31:30)
    at errorContext (http://localhost:9876/_karma_webpack_/webpack:/node_modules/rxjs/dist/esm/internal/util/errorContext.js:19:9)[39m
Chrome 146.0.0.0 (Windows 10): Executed 2 of 69[32m SUCCESS[39m (0 secs / 0.255 secs)
ERROR: 'ERROR', Error: Error retrieving icon :instagram! Unable to find icon with the name ":instagram"
Error: Error retrieving icon :instagram! Unable to find icon with the name ":instagram"
    at Object.error (http://localhost:9876/_karma_webpack_/webpack:/node_modules/@angular/material/fesm2022/icon-module-a8f2a673.mjs:348:48)
    at ConsumerObserver.error (http://localhost:9876/_karma_webpack_/webpack:/node_modules/rxjs/dist/esm/internal/Subscriber.js:102:33)
    at SafeSubscriber._error (http://localhost:9876/_karma_webpack_/webpack:/node_modules/rxjs/dist/esm/internal/Subscriber.js:64:30)
    at SafeSubscriber.error (http://localhost:9876/_karma_webpack_/webpack:/node_modules/rxjs/dist/esm/internal/Subscriber.js:40:18)
    at OperatorSubscriber._error (http://localhost:9876/_karma_webpack_/webpack:/node_modules/rxjs/dist/esm/internal/Subscriber.js:64:30)
    at OperatorSubscriber.error (http://localhost:9876/_karma_webpack_/webpack:/node_modules/rxjs/dist/esm/internal/Subscriber.js:40:18)
    at Observable._subscribe (http://localhost:9876/_karma_webpack_/webpack:/node_modules/rxjs/dist/esm/internal/observable/throwError.js:5:45)
    at Observable._trySubscribe (http://localhost:9876/_karma_webpack_/webpack:/node_modules/rxjs/dist/esm/internal/Observable.js:37:25)
    at cb (http://localhost:9876/_karma_webpack_/webpack:/node_modules/rxjs/dist/esm/internal/Observable.js:31:30)
    at errorContext (http://localhost:9876/_karma_webpack_/webpack:/node_modules/rxjs/dist/esm/internal/util/errorContext.js:19:9)
[1A[2KERROR: [36m'ERROR', Error: Error retrieving icon :whatsapp! Unable to find icon with the name ":whatsapp"
Error: Error retrieving icon :whatsapp! Unable to find icon with the name ":whatsapp"
    at Object.error (http://localhost:9876/_karma_webpack_/webpack:/node_modules/@angular/material/fesm2022/icon-module-a8f2a673.mjs:348:48)
    at ConsumerObserver.error (http://localhost:9876/_karma_webpack_/webpack:/node_modules/rxjs/dist/esm/internal/Subscriber.js:102:33)
    at SafeSubscriber._error (http://localhost:9876/_karma_webpack_/webpack:/node_modules/rxjs/dist/esm/internal/Subscriber.js:64:30)
    at SafeSubscriber.error (http://localhost:9876/_karma_webpack_/webpack:/node_modules/rxjs/dist/esm/internal/Subscriber.js:40:18)
    at OperatorSubscriber._error (http://localhost:9876/_karma_webpack_/webpack:/node_modules/rxjs/dist/esm/internal/Subscriber.js:64:30)
    at OperatorSubscriber.error (http://localhost:9876/_karma_webpack_/webpack:/node_modules/rxjs/dist/esm/internal/Subscriber.js:40:18)
    at Observable._subscribe (http://localhost:9876/_karma_webpack_/webpack:/node_modules/rxjs/dist/esm/internal/observable/throwError.js:5:45)
    at Observable._trySubscribe (http://localhost:9876/_karma_webpack_/webpack:/node_modules/rxjs/dist/esm/internal/Observable.js:37:25)
    at cb (http://localhost:9876/_karma_webpack_/webpack:/node_modules/rxjs/dist/esm/internal/Observable.js:31:30)
    at errorContext (http://localhost:9876/_karma_webpack_/webpack:/node_modules/rxjs/dist/esm/internal/util/errorContext.js:19:9)[39m
Chrome 146.0.0.0 (Windows 10): Executed 2 of 69[32m SUCCESS[39m (0 secs / 0.255 secs)
ERROR: 'ERROR', Error: Error retrieving icon :whatsapp! Unable to find icon with the name ":whatsapp"
Error: Error retrieving icon :whatsapp! Unable to find icon with the name ":whatsapp"
    at Object.error (http://localhost:9876/_karma_webpack_/webpack:/node_modules/@angular/material/fesm2022/icon-module-a8f2a673.mjs:348:48)
    at ConsumerObserver.error (http://localhost:9876/_karma_webpack_/webpack:/node_modules/rxjs/dist/esm/internal/Subscriber.js:102:33)
    at SafeSubscriber._error (http://localhost:9876/_karma_webpack_/webpack:/node_modules/rxjs/dist/esm/internal/Subscriber.js:64:30)
    at SafeSubscriber.error (http://localhost:9876/_karma_webpack_/webpack:/node_modules/rxjs/dist/esm/internal/Subscriber.js:40:18)
    at OperatorSubscriber._error (http://localhost:9876/_karma_webpack_/webpack:/node_modules/rxjs/dist/esm/internal/Subscriber.js:64:30)
    at OperatorSubscriber.error (http://localhost:9876/_karma_webpack_/webpack:/node_modules/rxjs/dist/esm/internal/Subscriber.js:40:18)
    at Observable._subscribe (http://localhost:9876/_karma_webpack_/webpack:/node_modules/rxjs/dist/esm/internal/observable/throwError.js:5:45)
    at Observable._trySubscribe (http://localhost:9876/_karma_webpack_/webpack:/node_modules/rxjs/dist/esm/internal/Observable.js:37:25)
    at cb (http://localhost:9876/_karma_webpack_/webpack:/node_modules/rxjs/dist/esm/internal/Observable.js:31:30)
    at errorContext (http://localhost:9876/_karma_webpack_/webpack:/node_modules/rxjs/dist/esm/internal/util/errorContext.js:19:9)
[1A[2KChrome 146.0.0.0 (Windows 10): Executed 3 of 69[32m SUCCESS[39m (0 secs / 0.274 secs)
[1A[2KDEBUG: [36m'[9:35:24 PM] [DEBUG] [COMPONENT_LIFECYCLE] ConfirmotpComponent - ngOnInit', undefined[39m
Chrome 146.0.0.0 (Windows 10): Executed 3 of 69[32m SUCCESS[39m (0 secs / 0.274 secs)
DEBUG: '[9:35:24 PM] [DEBUG] [COMPONENT_LIFECYCLE] ConfirmotpComponent - ngOnInit', undefined
[1A[2KChrome 146.0.0.0 (Windows 10): Executed 4 of 69[32m SUCCESS[39m (0 secs / 0.326 secs)
[1A[2KDEBUG: [36m'[9:35:24 PM] [DEBUG] [COMPONENT_LIFECYCLE] ForgetpasswordComponent - ngOnInit', undefined[39m
Chrome 146.0.0.0 (Windows 10): Executed 4 of 69[32m SUCCESS[39m (0 secs / 0.326 secs)
DEBUG: '[9:35:24 PM] [DEBUG] [COMPONENT_LIFECYCLE] ForgetpasswordComponent - ngOnInit', undefined
[1A[2KChrome 146.0.0.0 (Windows 10): Executed 5 of 69[32m SUCCESS[39m (0 secs / 0.358 secs)
[1A[2KChrome 146.0.0.0 (Windows 10): Executed 6 of 69[32m SUCCESS[39m (0 secs / 0.394 secs)
[1A[2KINFO: [36m'[9:35:24 PM] [INFO] [API_REQUEST] GET https://localhost:7238/api/Company/list/active', Object{method: 'GET', url: 'https://localhost:7238/api/Company/list/active', body: Object{}}[39m
Chrome 146.0.0.0 (Windows 10): Executed 6 of 69[32m SUCCESS[39m (0 secs / 0.394 secs)
INFO: '[9:35:24 PM] [INFO] [API_REQUEST] GET https://localhost:7238/api/Company/list/active', Object{method: 'GET', url: 'https://localhost:7238/api/Company/list/active', body: Object{}}
[1A[2KChrome 146.0.0.0 (Windows 10): Executed 7 of 69[32m SUCCESS[39m (0 secs / 0.459 secs)
[1A[2KChrome 146.0.0.0 (Windows 10): Executed 8 of 69[32m SUCCESS[39m (0 secs / 0.482 secs)
[1A[2KChrome 146.0.0.0 (Windows 10): Executed 9 of 69[32m SUCCESS[39m (0 secs / 0.547 secs)
[1A[2KChrome 146.0.0.0 (Windows 10): Executed 10 of 69[32m SUCCESS[39m (0 secs / 0.582 secs)
[1A[2KLOG: [36m'UserService.getUserByCode URL ->', 'https://localhost:7238/api/User/GetBycode?code='[39m
Chrome 146.0.0.0 (Windows 10): Executed 10 of 69[32m SUCCESS[39m (0 secs / 0.582 secs)
LOG: 'UserService.getUserByCode URL ->', 'https://localhost:7238/api/User/GetBycode?code='
[1A[2KINFO: [36m'[9:35:24 PM] [INFO] [API_REQUEST] GET https://localhost:7238/api/User/GetBycode?code=', Object{method: 'GET', url: 'https://localhost:7238/api/User/GetBycode?code=', body: Object{}}[39m
Chrome 146.0.0.0 (Windows 10): Executed 10 of 69[32m SUCCESS[39m (0 secs / 0.582 secs)
INFO: '[9:35:24 PM] [INFO] [API_REQUEST] GET https://localhost:7238/api/User/GetBycode?code=', Object{method: 'GET', url: 'https://localhost:7238/api/User/GetBycode?code=', body: Object{}}
[1A[2KWARN: [36m'
  It looks like you're using the disabled attribute with a reactive form directive. If you set disabled to true
  when you set up this control in your component class, the disabled attribute will actually be set in the DOM for
  you. We recommend using this approach to avoid 'changed after checked' errors.

  Example:
  // Specify the `disabled` property at control creation time:
  form = new FormGroup({
    first: new FormControl({value: 'Nancy', disabled: true}, Validators.required),
    last: new FormControl('Drew', Validators.required)
  });

  // Controls can also be enabled/disabled after creation:
  form.get('first')?.enable();
  form.get('last')?.disable();
'[39m
Chrome 146.0.0.0 (Windows 10): Executed 10 of 69[32m SUCCESS[39m (0 secs / 0.582 secs)
WARN: '
  It looks like you're using the disabled attribute with a reactive form directive. If you set disabled to true
  when you set up this control in your component class, the disabled attribute will actually be set in the DOM for
  you. We recommend using this approach to avoid 'changed after checked' errors.

  Example:
  // Specify the `disabled` property at control creation time:
  form = new FormGroup({
    first: new FormControl({value: 'Nancy', disabled: true}, Validators.required),
    last: new FormControl('Drew', Validators.required)
  });

  // Controls can also be enabled/disabled after creation:
  form.get('first')?.enable();
  form.get('last')?.disable();
'
[1A[2KChrome 146.0.0.0 (Windows 10): Executed 11 of 69[32m SUCCESS[39m (0 secs / 0.597 secs)
[1A[2KDEBUG: [36m'[9:35:24 PM] [DEBUG] [COMPONENT_LIFECYCLE] UpdatepasswordComponent - ngOnInit', undefined[39m
Chrome 146.0.0.0 (Windows 10): Executed 11 of 69[32m SUCCESS[39m (0 secs / 0.597 secs)
DEBUG: '[9:35:24 PM] [DEBUG] [COMPONENT_LIFECYCLE] UpdatepasswordComponent - ngOnInit', undefined
[1A[2KChrome 146.0.0.0 (Windows 10): Executed 12 of 69[32m SUCCESS[39m (0 secs / 0.624 secs)
[1A[2KChrome 146.0.0.0 (Windows 10): Executed 13 of 69[32m SUCCESS[39m (0 secs / 0.644 secs)
[1A[2KChrome 146.0.0.0 (Windows 10): Executed 14 of 69[32m SUCCESS[39m (0 secs / 0.648 secs)
[1A[2KChrome 146.0.0.0 (Windows 10): Executed 15 of 69[32m SUCCESS[39m (0 secs / 0.652 secs)
[1A[2KChrome 146.0.0.0 (Windows 10): Executed 16 of 69[32m SUCCESS[39m (0 secs / 0.655 secs)
[1A[2KChrome 146.0.0.0 (Windows 10): Executed 17 of 69[32m SUCCESS[39m (0 secs / 0.657 secs)
[1A[2KChrome 146.0.0.0 (Windows 10): Executed 18 of 69[32m SUCCESS[39m (0 secs / 0.657 secs)
[1A[2KChrome 146.0.0.0 (Windows 10): Executed 19 of 69[32m SUCCESS[39m (0 secs / 0.662 secs)
[1A[2K[31mChrome 146.0.0.0 (Windows 10) InvoiceListDialogComponent should create FAILED[39m
	NullInjectorError: R3InjectorError(Standalone[InvoiceListDialogComponent])[InjectionToken MatMdcDialogData -> InjectionToken MatMdcDialogData -> InjectionToken MatMdcDialogData]: 
	  NullInjectorError: No provider for InjectionToken MatMdcDialogData!
	error properties: Object({ ngTempTokenPath: null, ngTokenPath: [ 'InjectionToken MatMdcDialogData', 'InjectionToken MatMdcDialogData', 'InjectionToken MatMdcDialogData' ] })
	    at NullInjector.get (node_modules/@angular/core/fesm2022/core.mjs:1630:27)
	    at R3Injector.get (node_modules/@angular/core/fesm2022/core.mjs:2159:33)
	    at R3Injector.get (node_modules/@angular/core/fesm2022/core.mjs:2159:33)
	    at R3Injector.get (node_modules/@angular/core/fesm2022/core.mjs:2159:33)
	    at ChainedInjector.get (node_modules/@angular/core/fesm2022/core.mjs:17409:36)
	    at lookupTokenUsingModuleInjector (node_modules/@angular/core/fesm2022/core.mjs:5081:39)
	    at getOrCreateInjectable (node_modules/@angular/core/fesm2022/core.mjs:5129:12)
	    at ╔╡╔╡directiveInject (node_modules/@angular/core/fesm2022/core.mjs:17460:19)
	    at NodeInjectorFactory.factory (ng:///InvoiceListDialogComponent/╔╡fac.js:4:70)
	    at getNodeInjectable (node_modules/@angular/core/fesm2022/core.mjs:5341:44)
Chrome 146.0.0.0 (Windows 10): Executed 20 of 69[31m (1 FAILED)[39m (0 secs / 0.675 secs)
[1A[2KDEBUG: [36m'[9:35:25 PM] [DEBUG] [COMPONENT_LIFECYCLE] RegisterComponent - ngOnInit', undefined[39m
Chrome 146.0.0.0 (Windows 10): Executed 20 of 69[31m (1 FAILED)[39m (0 secs / 0.675 secs)
DEBUG: '[9:35:25 PM] [DEBUG] [COMPONENT_LIFECYCLE] RegisterComponent - ngOnInit', undefined
[1A[2KChrome 146.0.0.0 (Windows 10): Executed 21 of 69[31m (1 FAILED)[39m (0 secs / 0.714 secs)
[1A[2KChrome 146.0.0.0 (Windows 10): Executed 22 of 69[31m (1 FAILED)[39m (0 secs / 0.718 secs)
[1A[2KChrome 146.0.0.0 (Windows 10): Executed 23 of 69[31m (1 FAILED)[39m (0 secs / 0.72 secs)
[1A[2KChrome 146.0.0.0 (Windows 10): Executed 24 of 69[31m (1 FAILED)[39m (0 secs / 0.781 secs)
[1A[2KChrome 146.0.0.0 (Windows 10): Executed 25 of 69[31m (1 FAILED)[39m (0 secs / 0.792 secs)
[1A[2KChrome 146.0.0.0 (Windows 10): Executed 26 of 69[31m (1 FAILED)[39m (0 secs / 0.801 secs)
[1A[2KChrome 146.0.0.0 (Windows 10): Executed 27 of 69[31m (1 FAILED)[39m (0 secs / 0.827 secs)
[1A[2KChrome 146.0.0.0 (Windows 10): Executed 28 of 69[31m (1 FAILED)[39m (0 secs / 0.845 secs)
[1A[2KERROR: [36m'Error deleting invoice:', Error: Delete failed
Error: Delete failed
    at errorFactory (http://localhost:9876/_karma_webpack_/webpack:/src/app/Component/quick-invoice/quick-invoice.component.spec.ts:451:26)
    at Observable._subscribe (http://localhost:9876/_karma_webpack_/webpack:/node_modules/rxjs/dist/esm/internal/observable/throwError.js:5:51)
    at Observable._trySubscribe (http://localhost:9876/_karma_webpack_/webpack:/node_modules/rxjs/dist/esm/internal/Observable.js:37:25)
    at cb (http://localhost:9876/_karma_webpack_/webpack:/node_modules/rxjs/dist/esm/internal/Observable.js:31:30)
    at errorContext (http://localhost:9876/_karma_webpack_/webpack:/node_modules/rxjs/dist/esm/internal/util/errorContext.js:19:9)
    at Observable.subscribe (http://localhost:9876/_karma_webpack_/webpack:/node_modules/rxjs/dist/esm/internal/Observable.js:22:21)
    at init (http://localhost:9876/_karma_webpack_/webpack:/node_modules/rxjs/dist/esm/internal/operators/takeUntil.js:8:38)
    at SafeSubscriber.call (http://localhost:9876/_karma_webpack_/webpack:/node_modules/rxjs/dist/esm/internal/util/lift.js:10:28)
    at cb (http://localhost:9876/_karma_webpack_/webpack:/node_modules/rxjs/dist/esm/internal/Observable.js:26:30)
    at errorContext (http://localhost:9876/_karma_webpack_/webpack:/node_modules/rxjs/dist/esm/internal/util/errorContext.js:19:9)[39m
Chrome 146.0.0.0 (Windows 10): Executed 28 of 69[31m (1 FAILED)[39m (0 secs / 0.845 secs)
ERROR: 'Error deleting invoice:', Error: Delete failed
Error: Delete failed
    at errorFactory (http://localhost:9876/_karma_webpack_/webpack:/src/app/Component/quick-invoice/quick-invoice.component.spec.ts:451:26)
    at Observable._subscribe (http://localhost:9876/_karma_webpack_/webpack:/node_modules/rxjs/dist/esm/internal/observable/throwError.js:5:51)
    at Observable._trySubscribe (http://localhost:9876/_karma_webpack_/webpack:/node_modules/rxjs/dist/esm/internal/Observable.js:37:25)
    at cb (http://localhost:9876/_karma_webpack_/webpack:/node_modules/rxjs/dist/esm/internal/Observable.js:31:30)
    at errorContext (http://localhost:9876/_karma_webpack_/webpack:/node_modules/rxjs/dist/esm/internal/util/errorContext.js:19:9)
    at Observable.subscribe (http://localhost:9876/_karma_webpack_/webpack:/node_modules/rxjs/dist/esm/internal/Observable.js:22:21)
    at init (http://localhost:9876/_karma_webpack_/webpack:/node_modules/rxjs/dist/esm/internal/operators/takeUntil.js:8:38)
    at SafeSubscriber.call (http://localhost:9876/_karma_webpack_/webpack:/node_modules/rxjs/dist/esm/internal/util/lift.js:10:28)
    at cb (http://localhost:9876/_karma_webpack_/webpack:/node_modules/rxjs/dist/esm/internal/Observable.js:26:30)
    at errorContext (http://localhost:9876/_karma_webpack_/webpack:/node_modules/rxjs/dist/esm/internal/util/errorContext.js:19:9)
[1A[2KChrome 146.0.0.0 (Windows 10): Executed 29 of 69[31m (1 FAILED)[39m (0 secs / 0.973 secs)
[1A[2KChrome 146.0.0.0 (Windows 10): Executed 30 of 69[31m (1 FAILED)[39m (0 secs / 0.993 secs)
[1A[2K[31mChrome 146.0.0.0 (Windows 10) QuickInvoiceComponent Invoice Operations should delete invoice with confirmation and set loading state FAILED[39m
	Expected false to be true.
	    at <Jasmine>
	    at UserContext.apply (src/app/Component/quick-invoice/quick-invoice.component.spec.ts:444:43)
	    at _ZoneDelegate.invoke (node_modules/zone.js/fesm2015/zone.js:369:28)
	    at ProxyZoneSpec.onInvoke (node_modules/zone.js/fesm2015/zone-testing.js:2082:39)
	    at _ZoneDelegate.invoke (node_modules/zone.js/fesm2015/zone.js:368:34)
Chrome 146.0.0.0 (Windows 10): Executed 31 of 69[31m (2 FAILED)[39m (0 secs / 1.013 secs)
[1A[2KChrome 146.0.0.0 (Windows 10): Executed 32 of 69[31m (2 FAILED)[39m (0 secs / 1.028 secs)
[1A[2KChrome 146.0.0.0 (Windows 10): Executed 33 of 69[31m (2 FAILED)[39m (0 secs / 1.042 secs)
[1A[2KChrome 146.0.0.0 (Windows 10): Executed 34 of 69[31m (2 FAILED)[39m (0 secs / 1.057 secs)
[1A[2KChrome 146.0.0.0 (Windows 10): Executed 35 of 69[31m (2 FAILED)[39m (0 secs / 1.071 secs)
[1A[2KChrome 146.0.0.0 (Windows 10): Executed 36 of 69[31m (2 FAILED)[39m (0 secs / 1.08 secs)
[1A[2KChrome 146.0.0.0 (Windows 10): Executed 37 of 69[31m (2 FAILED)[39m (0 secs / 1.088 secs)
[1A[2KChrome 146.0.0.0 (Windows 10): Executed 38 of 69[31m (2 FAILED)[39m (0 secs / 1.099 secs)
[1A[2KChrome 146.0.0.0 (Windows 10): Executed 39 of 69[31m (2 FAILED)[39m (0 secs / 1.108 secs)
[1A[2KChrome 146.0.0.0 (Windows 10): Executed 40 of 69[31m (2 FAILED)[39m (0 secs / 1.117 secs)
[1A[2KChrome 146.0.0.0 (Windows 10): Executed 41 of 69[31m (2 FAILED)[39m (0 secs / 1.128 secs)
[1A[2KChrome 146.0.0.0 (Windows 10): Executed 42 of 69[31m (2 FAILED)[39m (0 secs / 1.141 secs)
[1A[2KChrome 146.0.0.0 (Windows 10): Executed 43 of 69[31m (2 FAILED)[39m (0 secs / 1.153 secs)
[1A[2KChrome 146.0.0.0 (Windows 10): Executed 44 of 69[31m (2 FAILED)[39m (0 secs / 1.169 secs)
[1A[2KChrome 146.0.0.0 (Windows 10): Executed 45 of 69[31m (2 FAILED)[39m (0 secs / 1.178 secs)
[1A[2KChrome 146.0.0.0 (Windows 10): Executed 46 of 69[31m (2 FAILED)[39m (0 secs / 1.187 secs)
[1A[2KChrome 146.0.0.0 (Windows 10): Executed 47 of 69[31m (2 FAILED)[39m (0 secs / 1.196 secs)
[1A[2KChrome 146.0.0.0 (Windows 10): Executed 48 of 69[31m (2 FAILED)[39m (0 secs / 1.204 secs)
[1A[2KChrome 146.0.0.0 (Windows 10): Executed 49 of 69[31m (2 FAILED)[39m (0 secs / 1.218 secs)
[1A[2KChrome 146.0.0.0 (Windows 10): Executed 50 of 69[31m (2 FAILED)[39m (0 secs / 1.592 secs)
[1A[2KChrome 146.0.0.0 (Windows 10): Executed 51 of 69[31m (2 FAILED)[39m (0 secs / 1.969 secs)
[1A[2K[31mChrome 146.0.0.0 (Windows 10) QuickInvoiceComponent Invoice List Dialog should pass performInvoiceAction to dialog FAILED[39m
	TypeError: Cannot read properties of undefined (reading 'push')
	    at MatDialog.open (node_modules/@angular/material/fesm2022/module-42c8c966.mjs:638:26)
	    at QuickInvoiceComponent.toggleInvoiceList (src/app/Component/quick-invoice/quick-invoice.component.ts:80:15)
	    at UserContext.apply (src/app/Component/quick-invoice/quick-invoice.component.spec.ts:506:17)
	    at _ZoneDelegate.invoke (node_modules/zone.js/fesm2015/zone.js:369:28)
	    at ProxyZoneSpec.onInvoke (node_modules/zone.js/fesm2015/zone-testing.js:2082:39)
	    at _ZoneDelegate.invoke (node_modules/zone.js/fesm2015/zone.js:368:34)
	    at ZoneImpl.run (node_modules/zone.js/fesm2015/zone.js:111:43)
	    at runInTestZone (node_modules/zone.js/fesm2015/zone-testing.js:216:38)
	    at UserContext.<anonymous> (node_modules/zone.js/fesm2015/zone-testing.js:234:32)
	    at <Jasmine>
Chrome 146.0.0.0 (Windows 10): Executed 52 of 69[31m (3 FAILED)[39m (0 secs / 1.997 secs)
[1A[2K[31mChrome 146.0.0.0 (Windows 10) QuickInvoiceComponent Invoice List Dialog should open invoice list dialog FAILED[39m
	TypeError: Cannot read properties of undefined (reading 'push')
	    at MatDialog.open (node_modules/@angular/material/fesm2022/module-42c8c966.mjs:638:26)
	    at QuickInvoiceComponent.toggleInvoiceList (src/app/Component/quick-invoice/quick-invoice.component.ts:80:15)
	    at UserContext.apply (src/app/Component/quick-invoice/quick-invoice.component.spec.ts:496:17)
	    at _ZoneDelegate.invoke (node_modules/zone.js/fesm2015/zone.js:369:28)
	    at ProxyZoneSpec.onInvoke (node_modules/zone.js/fesm2015/zone-testing.js:2082:39)
	    at _ZoneDelegate.invoke (node_modules/zone.js/fesm2015/zone.js:368:34)
	    at ZoneImpl.run (node_modules/zone.js/fesm2015/zone.js:111:43)
	    at runInTestZone (node_modules/zone.js/fesm2015/zone-testing.js:216:38)
	    at UserContext.<anonymous> (node_modules/zone.js/fesm2015/zone-testing.js:234:32)
	    at <Jasmine>
Chrome 146.0.0.0 (Windows 10): Executed 53 of 69[31m (4 FAILED)[39m (0 secs / 2.011 secs)
[1A[2KChrome 146.0.0.0 (Windows 10): Executed 54 of 69[31m (4 FAILED)[39m (0 secs / 2.019 secs)
[1A[2KChrome 146.0.0.0 (Windows 10): Executed 55 of 69[31m (4 FAILED)[39m (0 secs / 2.028 secs)
[1A[2KChrome 146.0.0.0 (Windows 10): Executed 56 of 69[31m (4 FAILED)[39m (0 secs / 2.038 secs)
[1A[2KChrome 146.0.0.0 (Windows 10): Executed 57 of 69[31m (4 FAILED)[39m (0 secs / 2.047 secs)
[1A[2KChrome 146.0.0.0 (Windows 10): Executed 58 of 69[31m (4 FAILED)[39m (0 secs / 2.053 secs)
[1A[2KChrome 146.0.0.0 (Windows 10): Executed 59 of 69[31m (4 FAILED)[39m (0 secs / 2.058 secs)
[1A[2KChrome 146.0.0.0 (Windows 10): Executed 60 of 69[31m (4 FAILED)[39m (0 secs / 2.065 secs)
[1A[2KChrome 146.0.0.0 (Windows 10): Executed 61 of 69[31m (4 FAILED)[39m (0 secs / 2.076 secs)
[1A[2KChrome 146.0.0.0 (Windows 10): Executed 62 of 69[31m (4 FAILED)[39m (0 secs / 2.086 secs)
[1A[2KChrome 146.0.0.0 (Windows 10): Executed 63 of 69[31m (4 FAILED)[39m (0 secs / 2.096 secs)
[1A[2KChrome 146.0.0.0 (Windows 10): Executed 64 of 69[31m (4 FAILED)[39m (0 secs / 2.107 secs)
[1A[2KChrome 146.0.0.0 (Windows 10): Executed 65 of 69[31m (4 FAILED)[39m (0 secs / 2.123 secs)
[1A[2KChrome 146.0.0.0 (Windows 10): Executed 66 of 69[31m (4 FAILED)[39m (0 secs / 2.132 secs)
[1A[2KChrome 146.0.0.0 (Windows 10): Executed 67 of 69[31m (4 FAILED)[39m (0 secs / 2.141 secs)
[1A[2KChrome 146.0.0.0 (Windows 10): Executed 68 of 69[31m (4 FAILED)[39m (0 secs / 2.152 secs)
[1A[2KChrome 146.0.0.0 (Windows 10): Executed 69 of 69[31m (4 FAILED)[39m (0 secs / 2.156 secs)
[1A[2KChrome 146.0.0.0 (Windows 10): Executed 69 of 69[31m (4 FAILED)[39m (2.285 secs / 2.156 secs)
[31mTOTAL: 4 FAILED, 65 SUCCESS[39m
Γ£ö Browser application bundle generation complete.
Γ£ö Browser application bundle generation complete.
